10.88.180.145 - - [27/Mar/2019:23:06:19 +0800] "GET /api/employees/?require=info&userId=tianlun.zhu HTTP/1.0" 200 1196 "-" "Python-httplib2/0.9.1 (gzip)"
10.88.106.152 - - [27/Mar/2019:23:06:21 +0800] "GET /api/employees/?require=exist&phone=187cP027054 HTTP/1.0" 200 97 "-" "Mozilla/5.0 (Windows NT 6.1; WOW64) AppleWebKit/537.36 (KHTML, like Gecko) Chrome/44.0.2403.155 Safari/537.36"
192.168.49.168 - - [27/Mar/2019:23:06:23 +0800] "GET /api/employees/?require=info&rtx_id=xueping.zhang HTTP/1.0" 200 1059 "-" "Mozilla/5.0 (Windows; U; Windows NT 5.1; en-US) AppleWebKit/534.16 (KHTML, like Gecko) Chrome/10.0.648.204 Safari/534.16"
10.88.106.153 - - [27/Mar/2019:23:06:23 +0800] "GET /api/employees/?require=exist&phone=139ybBK4608 HTTP/1.0" 200 97 "-" "Mozilla/5.0 (Windows NT 6.1; WOW64) AppleWebKit/537.36 (KHTML, like Gecko) Chrome/44.0.2403.155 Safari/537.36"
10.88.106.153 - - [27/Mar/2019:23:06:23 +0800] "GET /api/employees/?require=exist&phone=137Sv2O7070 HTTP/1.0" 200 97 "-" "Mozilla/5.0 (Windows NT 6.1; WOW64) AppleWebKit/537.36 (KHTML, like Gecko) Chrome/44.0.2403.155 Safari/537.36"
10.88.180.145 - - [27/Mar/2019:23:06:24 +0800] "GET /api/employees/?require=info&userId=yangl.lin HTTP/1.0" 200 1096 "-" "Python-httplib2/0.9.1 (gzip)"
10.90.57.12 - - [27/Mar/2019:23:06:24 +0800] "GET /api/employees/?require=info&userId=yangl.lin HTTP/1.0" 200 1096 "-" "Python-httplib2/0.9.1 (gzip)"
10.90.55.158 - - [27/Mar/2019:23:06:24 +0800] "GET /api/employees/?require=info&userId=yangl.lin HTTP/1.0" 200 1096 "-" "Python-httplib2/0.9.1 (gzip)"
10.90.57.11 - - [27/Mar/2019:23:06:24 +0800] "GET /api/employees/?require=info&userId=yangl.lin HTTP/1.0" 200 1096 "-" "Python-httplib2/0.9.1 (gzip)"
10.90.55.157 - - [27/Mar/2019:23:06:24 +0800] "GET /api/employees/?require=info&userId=hongqin.luo HTTP/1.0" 200 1133 "-" "Python-httplib2/0.9.1 (gzip)"
10.90.55.158 - - [27/Mar/2019:23:06:24 +0800] "GET /api/employees/?require=info&userId=yangl.lin HTTP/1.0" 200 1096 "-" "Python-httplib2/0.9.1 (gzip)"
10.88.106.152 - - [27/Mar/2019:23:06:24 +0800] "GET /api/employees/?require=exist&phone=133WVCv7963 HTTP/1.0" 200 97 "-" "Mozilla/5.0 (Windows NT 6.1; WOW64) AppleWebKit/537.36 (KHTML, like Gecko) Chrome/44.0.2403.155 Safari/537.36"
10.90.55.157 - - [27/Mar/2019:23:06:24 +0800] "GET /api/employees/?require=info&userId=hongqin.luo HTTP/1.0" 200 1133 "-" "Python-httplib2/0.9.1 (gzip)"
10.90.55.158 - - [27/Mar/2019:23:06:24 +0800] "GET /api/employees/?require=info&userId=dewen.zou HTTP/1.0" 200 1099 "-" "Python-httplib2/0.9.1 (gzip)"
10.88.180.145 - - [27/Mar/2019:23:06:24 +0800] "GET /api/employees/?require=info&userId=hongqin.luo HTTP/1.0" 200 1133 "-" "Python-httplib2/0.9.1 (gzip)"
10.90.55.158 - - [27/Mar/2019:23:06:24 +0800] "GET /api/employees/?require=info&userId=hongqin.luo HTTP/1.0" 200 1133 "-" "Python-httplib2/0.9.1 (gzip)"
10.88.106.152 - - [27/Mar/2019:23:06:25 +0800] "GET /api/employees/?require=exist&phone=139_tTx9862 HTTP/1.0" 200 97 "-" "Mozilla/5.0 (Windows NT 6.1; WOW64) AppleWebKit/537.36 (KHTML, like Gecko) Chrome/44.0.2403.155 Safari/537.36"
10.90.57.12 - - [27/Mar/2019:23:06:25 +0800] "GET /api/employees/?require=info&userId=ueqhokx6816 HTTP/1.0" 200 97 "-" "Python-httplib2/0.9.1 (gzip)"
10.88.106.152 - - [27/Mar/2019:23:06:27 +0800] "GET /api/employees/?require=exist&phone=156wqmh3738 HTTP/1.0" 200 97 "-" "Mozilla/5.0 (Windows NT 6.1; WOW64) AppleWebKit/537.36 (KHTML, like Gecko) Chrome/44.0.2403.155 Safari/537.36"
10.88.106.153 - - [27/Mar/2019:23:06:27 +0800] "GET /api/employees/?require=exist&phone=185RLhw3080 HTTP/1.0" 200 97 "-" "Mozilla/5.0 (Windows NT 6.1; WOW64) AppleWebKit/537.36 (KHTML, like Gecko) Chrome/44.0.2403.155 Safari/537.36"
10.90.55.158 - - [27/Mar/2019:23:06:27 +0800] "GET /api/employees/?require=info&userId=yangl.lin HTTP/1.0" 200 1096 "-" "Python-httplib2/0.9.1 (gzip)"
10.90.55.158 - - [27/Mar/2019:23:06:28 +0800] "GET /api/employees/?require=info&userId=ghuralx8340 HTTP/1.0" 200 97 "-" "Python-httplib2/0.9.1 (gzip)"
10.88.180.145 - - [27/Mar/2019:23:06:29 +0800] "GET /api/employees/?require=info&userId=tianlun.zhu HTTP/1.0" 200 1196 "-" "Python-httplib2/0.9.1 (gzip)"
10.90.55.158 - - [27/Mar/2019:23:06:31 +0800] "GET /api/employees/?require=info&userId=yile.liu HTTP/1.0" 200 1090 "-" "Python-httplib2/0.9.1 (gzip)"
10.88.106.153 - - [27/Mar/2019:23:06:32 +0800] "GET /api/employees/?require=exist&phone=152oXZT6521 HTTP/1.0" 200 97 "-" "Mozilla/5.0 (Windows NT 6.1; WOW64) AppleWebKit/537.36 (KHTML, like Gecko) Chrome/44.0.2403.155 Safari/537.36"
10.90.57.12 - - [27/Mar/2019:23:06:32 +0800] "GET /api/employees/?require=info&userId=ping.yang HTTP/1.0" 200 1063 "-" "Python-httplib2/0.9.1 (gzip)"
10.88.106.152 - - [27/Mar/2019:23:06:32 +0800] "GET /api/employees/?require=exist&phone=133hqJv9812 HTTP/1.0" 200 97 "-" "Mozilla/5.0 (Windows NT 6.1; WOW64) AppleWebKit/537.36 (KHTML, like Gecko) Chrome/44.0.2403.155 Safari/537.36"
10.88.100.64 - - [27/Mar/2019:23:06:32 +0800] "GET /api/employees/?require=info&rtx_id=yixiong.chen HTTP/1.0" 200 1098 "-" "-"
10.88.106.152 - - [27/Mar/2019:23:06:33 +0800] "GET /api/employees/?require=exist&phone=134Qjbk0284 HTTP/1.0" 200 97 "-" "Mozilla/5.0 (Windows NT 6.1; WOW64) AppleWebKit/537.36 (KHTML, like Gecko) Chrome/44.0.2403.155 Safari/537.36"
10.88.106.153 - - [27/Mar/2019:23:06:33 +0800] "GET /api/employees/?require=exist&phone=173m7945409 HTTP/1.0" 200 97 "-" "Mozilla/5.0 (Windows NT 6.1; WOW64) AppleWebKit/537.36 (KHTML, like Gecko) Chrome/44.0.2403.155 Safari/537.36"
10.90.55.158 - - [27/Mar/2019:23:06:33 +0800] "GET /api/employees/?require=info&userId=cemaagr1410 HTTP/1.0" 200 97 "-" "Python-httplib2/0.9.1 (gzip)"
10.88.180.144 - - [27/Mar/2019:23:06:34 +0800] "GET /api/employees/?require=info&userId=tqfkelv0621 HTTP/1.0" 200 97 "-" "Python-httplib2/0.9.1 (gzip)"
10.90.55.158 - - [27/Mar/2019:23:06:34 +0800] "GET /api/employees/?require=info&userId=tqfkelv0621 HTTP/1.0" 200 97 "-" "Python-httplib2/0.9.1 (gzip)"
10.88.106.152 - - [27/Mar/2019:23:06:35 +0800] "GET /api/employees/?require=exist&phone=1889Ldr0999 HTTP/1.0" 200 97 "-" "Mozilla/5.0 (Windows NT 6.1; WOW64) AppleWebKit/537.36 (KHTML, like Gecko) Chrome/44.0.2403.155 Safari/537.36"
10.88.181.220 - - [27/Mar/2019:23:06:35 +0800] "GET /api/employees/?require=info_mask&rtx_id=cong.yucong HTTP/1.0" 200 1247 "-" "pid dubbo service"
10.90.57.11 - - [27/Mar/2019:23:06:35 +0800] "GET /api/employees/?require=info&userId=ghuralx8340 HTTP/1.0" 200 97 "-" "Python-httplib2/0.9.1 (gzip)"
10.90.57.11 - - [27/Mar/2019:23:06:35 +0800] "GET /api/employees/?require=info&userId=chenggang.xu HTTP/1.0" 200 1059 "-" "Python-httplib2/0.9.1 (gzip)"
10.90.55.157 - - [27/Mar/2019:23:06:36 +0800] "GET /api/employees/?require=info&userId=ujbjppa3197 HTTP/1.0" 200 97 "-" "Python-httplib2/0.9.1 (gzip)"
10.88.125.249 - - [27/Mar/2019:23:06:36 +0800] "GET /api/employees/?require=exist&phone=139QxGB7462 HTTP/1.0" 200 76 "-" "Mozilla/5.0 (Windows NT 6.1; WOW64) Chrome/27.0.1453.94 Safari/537.36 qunarhc/8.0.1"
10.88.180.145 - - [27/Mar/2019:23:06:36 +0800] "GET /api/employees/?require=info&userId=rbgeyec2572 HTTP/1.0" 200 97 "-" "Python-httplib2/0.9.1 (gzip)"
10.88.106.153 - - [27/Mar/2019:23:06:36 +0800] "GET /api/employees/?require=exist&phone=135Uwl84565 HTTP/1.0" 200 97 "-" "Mozilla/5.0 (Windows NT 6.1; WOW64) AppleWebKit/537.36 (KHTML, like Gecko) Chrome/44.0.2403.155 Safari/537.36"
10.88.106.152 - - [27/Mar/2019:23:06:36 +0800] "GET /api/employees/?require=exist&phone=139mB6Q0093 HTTP/1.0" 200 97 "-" "Mozilla/5.0 (Windows NT 6.1; WOW64) AppleWebKit/537.36 (KHTML, like Gecko) Chrome/44.0.2403.155 Safari/537.36"
10.88.106.153 - - [27/Mar/2019:23:06:36 +0800] "GET /api/employees/?require=exist&phone=138f8L08841 HTTP/1.0" 200 97 "-" "Mozilla/5.0 (Windows NT 6.1; WOW64) AppleWebKit/537.36 (KHTML, like Gecko) Chrome/44.0.2403.155 Safari/537.36"
10.90.57.12 - - [27/Mar/2019:23:06:37 +0800] "GET /api/employees/?require=info&userId=ydysdin3513 HTTP/1.0" 200 97 "-" "Python-httplib2/0.9.1 (gzip)"
10.88.106.153 - - [27/Mar/2019:23:06:38 +0800] "GET /api/employees/?require=exist&phone=182Spep7909 HTTP/1.0" 200 97 "-" "Mozilla/5.0 (Windows NT 6.1; WOW64) AppleWebKit/537.36 (KHTML, like Gecko) Chrome/44.0.2403.155 Safari/537.36"
10.90.57.12 - - [27/Mar/2019:23:06:38 +0800] "GET /api/employees/?require=info&userId=evkxuhc3194 HTTP/1.0" 200 97 "-" "Python-httplib2/0.9.1 (gzip)"
10.90.55.158 - - [27/Mar/2019:23:06:39 +0800] "GET /api/employees/?require=info&userId=jinyi.xue HTTP/1.0" 200 1066 "-" "Python-httplib2/0.9.1 (gzip)"
10.90.55.158 - - [27/Mar/2019:23:06:39 +0800] "GET /api/employees/?require=info&userId=yao.du HTTP/1.0" 200 1051 "-" "Python-httplib2/0.9.1 (gzip)"
10.88.106.153 - - [27/Mar/2019:23:06:40 +0800] "GET /api/employees/?require=exist&phone=186FdVU1340 HTTP/1.0" 200 97 "-" "Mozilla/5.0 (Windows NT 6.1; WOW64) AppleWebKit/537.36 (KHTML, like Gecko) Chrome/44.0.2403.155 Safari/537.36"
10.90.57.12 - - [27/Mar/2019:23:06:40 +0800] "GET /api/employees/?require=info&userId=tianlun.zhu HTTP/1.0" 200 1196 "-" "Python-httplib2/0.9.1 (gzip)"
192.168.52.115 - - [27/Mar/2019:23:06:40 +0800] "GET /api/employees/?require=info&rtx_id=sszhou.zhou HTTP/1.0" 200 1039 "-" "Mozilla/5.0 (Windows; U; Windows NT 5.1; en-US) AppleWebKit/534.16 (KHTML, like Gecko) Chrome/10.0.648.204 Safari/534.16"
10.88.106.153 - - [27/Mar/2019:23:06:43 +0800] "GET /api/employees/?require=exist&phone=186B2Zi2529 HTTP/1.0" 200 97 "-" "Mozilla/5.0 (Windows NT 6.1; WOW64) AppleWebKit/537.36 (KHTML, like Gecko) Chrome/44.0.2403.155 Safari/537.36"
10.88.180.145 - - [27/Mar/2019:23:06:43 +0800] "GET /api/employees/?require=info&userId=xuying.zhang HTTP/1.0" 200 1084 "-" "Python-httplib2/0.9.1 (gzip)"
10.90.57.11 - - [27/Mar/2019:23:06:44 +0800] "GET /api/employees/?require=info&userId=xuying.zhang HTTP/1.0" 200 1084 "-" "Python-httplib2/0.9.1 (gzip)"
10.88.106.152 - - [27/Mar/2019:23:06:46 +0800] "GET /api/employees/?require=exist&phone=186VE7f6653 HTTP/1.0" 200 97 "-" "Mozilla/5.0 (Windows NT 6.1; WOW64) AppleWebKit/537.36 (KHTML, like Gecko) Chrome/44.0.2403.155 Safari/537.36"
10.88.106.153 - - [27/Mar/2019:23:06:46 +0800] "GET /api/employees/?require=exist&phone=1379sPD6302 HTTP/1.0" 200 97 "-" "Mozilla/5.0 (Windows NT 6.1; WOW64) AppleWebKit/537.36 (KHTML, like Gecko) Chrome/44.0.2403.155 Safari/537.36"
10.88.106.152 - - [27/Mar/2019:23:06:46 +0800] "GET /api/employees/?require=exist&phone=147x_Vu4461 HTTP/1.0" 200 97 "-" "Mozilla/5.0 (Windows NT 6.1; WOW64) AppleWebKit/537.36 (KHTML, like Gecko) Chrome/44.0.2403.155 Safari/537.36"
10.88.106.152 - - [27/Mar/2019:23:06:47 +0800] "GET /api/employees/?require=exist&phone=136QPD32929 HTTP/1.0" 200 97 "-" "Mozilla/5.0 (Windows NT 6.1; WOW64) AppleWebKit/537.36 (KHTML, like Gecko) Chrome/44.0.2403.155 Safari/537.36"
10.88.106.153 - - [27/Mar/2019:23:06:47 +0800] "GET /api/employees/?require=exist&phone=138JAZ67519 HTTP/1.0" 200 97 "-" "Mozilla/5.0 (Windows NT 6.1; WOW64) AppleWebKit/537.36 (KHTML, like Gecko) Chrome/44.0.2403.155 Safari/537.36"
10.90.57.12 - - [27/Mar/2019:23:06:48 +0800] "GET /api/employees/?require=info&userId=dadiucr0196 HTTP/1.0" 200 97 "-" "Python-httplib2/0.9.1 (gzip)"
10.90.57.12 - - [27/Mar/2019:23:06:49 +0800] "GET /api/employees/?require=info&userId=yunlong.zhang HTTP/1.0" 200 1052 "-" "Python-httplib2/0.9.1 (gzip)"
10.88.180.144 - - [27/Mar/2019:23:06:50 +0800] "GET /api/employees/?require=info&userId=yunlong.zhang HTTP/1.0" 200 1052 "-" "Python-httplib2/0.9.1 (gzip)"
10.88.180.145 - - [27/Mar/2019:23:06:50 +0800] "GET /api/employees/?require=info&userId=yunlong.zhang HTTP/1.0" 200 1052 "-" "Python-httplib2/0.9.1 (gzip)"
10.90.57.11 - - [27/Mar/2019:23:06:50 +0800] "GET /api/employees/?require=info&userId=yunlong.zhang HTTP/1.0" 200 1052 "-" "Python-httplib2/0.9.1 (gzip)"
10.90.55.157 - - [27/Mar/2019:23:06:50 +0800] "GET /api/employees/?require=info&userId=yunlong.zhang HTTP/1.0" 200 1052 "-" "Python-httplib2/0.9.1 (gzip)"
10.90.55.158 - - [27/Mar/2019:23:06:50 +0800] "GET /api/employees/?require=info&userId=aebncsv6212 HTTP/1.0" 200 97 "-" "Python-httplib2/0.9.1 (gzip)"
10.88.180.144 - - [27/Mar/2019:23:06:50 +0800] "GET /api/employees/?require=info&userId=yunlong.zhang HTTP/1.0" 200 1052 "-" "Python-httplib2/0.9.1 (gzip)"
10.88.100.64 - - [27/Mar/2019:23:06:50 +0800] "GET /api/employees/?require=info&rtx_id=huangbing.huang HTTP/1.0" 200 1041 "-" "-"
10.88.180.145 - - [27/Mar/2019:23:06:50 +0800] "GET /api/employees/?require=info&userId=yunlong.zhang HTTP/1.0" 200 1052 "-" "Python-httplib2/0.9.1 (gzip)"
10.90.55.157 - - [27/Mar/2019:23:06:50 +0800] "GET /api/employees/?require=info&userId=yunlong.zhang HTTP/1.0" 200 1052 "-" "Python-httplib2/0.9.1 (gzip)"
10.88.106.152 - - [27/Mar/2019:23:06:51 +0800] "GET /api/employees/?require=exist&phone=159Xkdm8710 HTTP/1.0" 200 97 "-" "Mozilla/5.0 (Windows NT 6.1; WOW64) AppleWebKit/537.36 (KHTML, like Gecko) Chrome/44.0.2403.155 Safari/537.36"
10.88.106.152 - - [27/Mar/2019:23:06:51 +0800] "GET /api/employees/?require=exist&phone=185LIS61897 HTTP/1.0" 200 97 "-" "Mozilla/5.0 (Windows NT 6.1; WOW64) AppleWebKit/537.36 (KHTML, like Gecko) Chrome/44.0.2403.155 Safari/537.36"
10.90.15.112 - - [27/Mar/2019:23:06:52 +0800] "GET /api/employees/?require=info_mask&userId=ziqi.xie HTTP/1.0" 200 1239 "-" "Mozilla/5.0 (Windows; U; Windows NT 5.1; en-US) AppleWebKit/534.16 (KHTML, like Gecko) Chrome/10.0.648.204 Safari/534.16"
10.88.180.145 - - [27/Mar/2019:23:06:52 +0800] "GET /api/employees/?require=info&userId=yunlong.zhang HTTP/1.0" 200 1052 "-" "Python-httplib2/0.9.1 (gzip)"
10.88.106.153 - - [27/Mar/2019:23:06:52 +0800] "GET /api/employees/?require=exist&phone=139xeYl1008 HTTP/1.0" 200 97 "-" "Mozilla/5.0 (Windows NT 6.1; WOW64) AppleWebKit/537.36 (KHTML, like Gecko) Chrome/44.0.2403.155 Safari/537.36"
10.90.55.158 - - [27/Mar/2019:23:06:53 +0800] "GET /api/employees/?require=info&userId=chenggang.xu HTTP/1.0" 200 1059 "-" "Python-httplib2/0.9.1 (gzip)"
10.88.180.145 - - [27/Mar/2019:23:06:53 +0800] "GET /api/employees/?require=info&userId=ciwtrkx9836 HTTP/1.0" 200 97 "-" "Python-httplib2/0.9.1 (gzip)"
10.88.106.153 - - [27/Mar/2019:23:06:53 +0800] "GET /api/employees/?require=exist&phone=186AxPN8388 HTTP/1.0" 200 97 "-" "Mozilla/5.0 (Windows NT 6.1; WOW64) AppleWebKit/537.36 (KHTML, like Gecko) Chrome/44.0.2403.155 Safari/537.36"
10.88.106.153 - - [27/Mar/2019:23:06:53 +0800] "GET /api/employees/?require=exist&phone=139mB6Q0093 HTTP/1.0" 200 97 "-" "Mozilla/5.0 (Windows NT 6.1; WOW64) AppleWebKit/537.36 (KHTML, like Gecko) Chrome/44.0.2403.155 Safari/537.36"
10.88.106.153 - - [27/Mar/2019:23:06:54 +0800] "GET /api/employees/?require=exist&phone=131Pulv0006 HTTP/1.0" 200 97 "-" "Mozilla/5.0 (Windows NT 6.1; WOW64) AppleWebKit/537.36 (KHTML, like Gecko) Chrome/44.0.2403.155 Safari/537.36"
10.88.106.152 - - [27/Mar/2019:23:06:54 +0800] "GET /api/employees/?require=exist&phone=15056jU5517 HTTP/1.0" 200 97 "-" "Mozilla/5.0 (Windows NT 6.1; WOW64) AppleWebKit/537.36 (KHTML, like Gecko) Chrome/44.0.2403.155 Safari/537.36"
10.88.180.144 - - [27/Mar/2019:23:06:55 +0800] "GET /api/employees/?require=info&userId=pengfeipf.yang HTTP/1.0" 200 1167 "-" "Python-httplib2/0.9.1 (gzip)"
10.88.106.152 - - [27/Mar/2019:23:06:55 +0800] "GET /api/employees/?require=exist&phone=186UMYU0063 HTTP/1.0" 200 97 "-" "Mozilla/5.0 (Windows NT 6.1; WOW64) AppleWebKit/537.36 (KHTML, like Gecko) Chrome/44.0.2403.155 Safari/537.36"
10.88.180.145 - - [27/Mar/2019:23:06:56 +0800] "GET /api/employees/?require=info&userId=xiaohang.yu HTTP/1.0" 200 1065 "-" "Python-httplib2/0.9.1 (gzip)"
10.88.106.153 - - [27/Mar/2019:23:06:57 +0800] "GET /api/employees/?require=exist&phone=1866ZtU9271 HTTP/1.0" 200 97 "-" "Mozilla/5.0 (Windows NT 6.1; WOW64) AppleWebKit/537.36 (KHTML, like Gecko) Chrome/44.0.2403.155 Safari/537.36"
10.88.106.153 - - [27/Mar/2019:23:06:59 +0800] "GET /api/employees/?require=exist&phone=139Jizd3888 HTTP/1.0" 200 97 "-" "Mozilla/5.0 (Windows NT 6.1; WOW64) AppleWebKit/537.36 (KHTML, like Gecko) Chrome/44.0.2403.155 Safari/537.36"
10.88.180.145 - - [27/Mar/2019:23:06:59 +0800] "GET /api/employees/?require=info&userId=xuran.sun HTTP/1.0" 200 1183 "-" "Python-httplib2/0.9.1 (gzip)"
10.88.106.153 - - [27/Mar/2019:23:07:01 +0800] "GET /api/employees/?require=exist&phone=150=Hhn8858 HTTP/1.0" 200 97 "-" "Mozilla/5.0 (Windows NT 6.1; WOW64) AppleWebKit/537.36 (KHTML, like Gecko) Chrome/44.0.2403.155 Safari/537.36"
10.88.180.145 - - [27/Mar/2019:23:07:02 +0800] "GET /api/employees/?require=info&userId=jtczqdp4552 HTTP/1.0" 200 97 "-" "Python-httplib2/0.9.1 (gzip)"
10.88.106.153 - - [27/Mar/2019:23:07:03 +0800] "GET /api/employees/?require=exist&phone=1386hbF4533 HTTP/1.0" 200 97 "-" "Mozilla/5.0 (Windows NT 6.1; WOW64) AppleWebKit/537.36 (KHTML, like Gecko) Chrome/44.0.2403.155 Safari/537.36"
10.88.106.153 - - [27/Mar/2019:23:07:03 +0800] "GET /api/employees/?require=exist&phone=136DJw07982 HTTP/1.0" 200 97 "-" "Mozilla/5.0 (Windows NT 6.1; WOW64) AppleWebKit/537.36 (KHTML, like Gecko) Chrome/44.0.2403.155 Safari/537.36"
10.88.106.152 - - [27/Mar/2019:23:07:03 +0800] "GET /api/employees/?require=exist&phone=133miXF1698 HTTP/1.0" 200 97 "-" "Mozilla/5.0 (Windows NT 6.1; WOW64) AppleWebKit/537.36 (KHTML, like Gecko) Chrome/44.0.2403.155 Safari/537.36"
10.88.106.152 - - [27/Mar/2019:23:07:03 +0800] "GET /api/employees/?require=exist&phone=150Ez_74030 HTTP/1.0" 200 97 "-" "Mozilla/5.0 (Windows NT 6.1; WOW64) AppleWebKit/537.36 (KHTML, like Gecko) Chrome/44.0.2403.155 Safari/537.36"
10.88.106.152 - - [27/Mar/2019:23:07:03 +0800] "GET /api/employees/?require=exist&phone=137qKMZ6086 HTTP/1.0" 200 97 "-" "Mozilla/5.0 (Windows NT 6.1; WOW64) AppleWebKit/537.36 (KHTML, like Gecko) Chrome/44.0.2403.155 Safari/537.36"
10.88.106.152 - - [27/Mar/2019:23:07:05 +0800] "GET /api/employees/?require=exist&phone=1318DXp0626 HTTP/1.0" 200 97 "-" "Mozilla/5.0 (Windows NT 6.1; WOW64) AppleWebKit/537.36 (KHTML, like Gecko) Chrome/44.0.2403.155 Safari/537.36"
10.88.180.144 - - [27/Mar/2019:23:07:05 +0800] "GET /api/employees/?require=info&userId=bxdqogq7684 HTTP/1.0" 200 97 "-" "Python-httplib2/0.9.1 (gzip)"
10.90.57.12 - - [27/Mar/2019:23:07:05 +0800] "GET /api/employees/?require=info&userId=chenggang.xu HTTP/1.0" 200 1059 "-" "Python-httplib2/0.9.1 (gzip)"
10.95.26.19 - - [27/Mar/2019:23:07:05 +0800] "GET /api/employees/?require=dept_dzs_all&dept=&hr_status=&start_time=2017-08-08+14:40:00&end_time=2017-08-08+14:45:00 HTTP/1.0" 200 113 "-" "curl/7.29.0"
10.88.106.153 - - [27/Mar/2019:23:07:06 +0800] "GET /api/employees/?require=exist&phone=13328_S2926 HTTP/1.0" 200 97 "-" "Mozilla/5.0 (Windows NT 6.1; WOW64) AppleWebKit/537.36 (KHTML, like Gecko) Chrome/44.0.2403.155 Safari/537.36"
10.88.106.152 - - [27/Mar/2019:23:07:06 +0800] "GET /api/employees/?require=exist&phone=139x9NJ9772 HTTP/1.0" 200 97 "-" "Mozilla/5.0 (Windows NT 6.1; WOW64) AppleWebKit/537.36 (KHTML, like Gecko) Chrome/44.0.2403.155 Safari/537.36"
10.88.106.152 - - [27/Mar/2019:23:07:06 +0800] "GET /api/employees/?require=exist&phone=150xqtC0537 HTTP/1.0" 200 97 "-" "Mozilla/5.0 (Windows NT 6.1; WOW64) AppleWebKit/537.36 (KHTML, like Gecko) Chrome/44.0.2403.155 Safari/537.36"
10.90.57.12 - - [27/Mar/2019:23:07:07 +0800] "GET /api/employees/?require=info&userId=zhoujing.zhou HTTP/1.0" 200 1083 "-" "Python-httplib2/0.9.1 (gzip)"
10.88.106.153 - - [27/Mar/2019:23:07:07 +0800] "GET /api/employees/?require=exist&phone=1511dqG9546 HTTP/1.0" 200 97 "-" "Mozilla/5.0 (Windows NT 6.1; WOW64) AppleWebKit/537.36 (KHTML, like Gecko) Chrome/44.0.2403.155 Safari/537.36"
10.88.106.153 - - [27/Mar/2019:23:07:08 +0800] "GET /api/employees/?require=exist&phone=1364qcS5528 HTTP/1.0" 200 97 "-" "Mozilla/5.0 (Windows NT 6.1; WOW64) AppleWebKit/537.36 (KHTML, like Gecko) Chrome/44.0.2403.155 Safari/537.36"
10.90.57.11 - - [27/Mar/2019:23:07:08 +0800] "GET /api/employees/?require=info&userId=limei.peng HTTP/1.0" 200 1068 "-" "Python-httplib2/0.9.1 (gzip)"
10.88.180.145 - - [27/Mar/2019:23:07:08 +0800] "GET /api/employees/?require=info&userId=lzyimhr9380 HTTP/1.0" 200 97 "-" "Python-httplib2/0.9.1 (gzip)"
10.88.180.144 - - [27/Mar/2019:23:07:09 +0800] "GET /api/employees/?require=info&userId=aebncsv6212 HTTP/1.0" 200 97 "-" "Python-httplib2/0.9.1 (gzip)"
10.88.106.153 - - [27/Mar/2019:23:07:10 +0800] "GET /api/employees/?require=exist&phone=182g=2y7677 HTTP/1.0" 200 97 "-" "Mozilla/5.0 (Windows NT 6.1; WOW64) AppleWebKit/537.36 (KHTML, like Gecko) Chrome/44.0.2403.155 Safari/537.36"
10.95.26.19 - - [27/Mar/2019:23:07:10 +0800] "GET /api/employees/?require=transaction_ter HTTP/1.0" 200 22259225 "-" "curl/7.29.0"
10.88.106.152 - - [27/Mar/2019:23:07:10 +0800] "GET /api/employees/?require=exist&phone=188oRZP1902 HTTP/1.0" 200 97 "-" "Mozilla/5.0 (Windows NT 6.1; WOW64) AppleWebKit/537.36 (KHTML, like Gecko) Chrome/44.0.2403.155 Safari/537.36"
10.95.26.19 - - [27/Mar/2019:23:07:10 +0800] "GET /api/employees/?require=exist&rtx_id=mika.liu HTTP/1.0" 200 260 "-" "curl/7.29.0"
10.95.26.19 - - [27/Mar/2019:23:07:10 +0800] "POST /api/employees/?require=get_tree_dep HTTP/1.0" 200 560 "-" "curl/7.29.0"
10.95.26.19 - - [27/Mar/2019:23:07:10 +0800] "GET /api/employees/?require=handover&rtx_id=mika.liu HTTP/1.0" 200 515 "-" "curl/7.29.0"
10.88.180.145 - - [27/Mar/2019:23:07:12 +0800] "GET /api/employees/?require=info&userId=xuying.zhang HTTP/1.0" 200 1084 "-" "Python-httplib2/0.9.1 (gzip)"
10.90.57.11 - - [27/Mar/2019:23:07:12 +0800] "GET /api/employees/?require=info&userId=lzyimhr9380 HTTP/1.0" 200 97 "-" "Python-httplib2/0.9.1 (gzip)"
10.90.55.157 - - [27/Mar/2019:23:07:13 +0800] "GET /api/employees/?require=info&userId=huaikun.wang HTTP/1.0" 200 1049 "-" "Python-httplib2/0.9.1 (gzip)"
10.90.55.158 - - [27/Mar/2019:23:07:14 +0800] "GET /api/employees/?require=info&userId=haoliu.liu HTTP/1.0" 200 1065 "-" "Python-httplib2/0.9.1 (gzip)"
10.86.237.2 - - [27/Mar/2019:23:07:15 +0800] "POST /api/employees/?require=emp_md HTTP/1.0" 200 818 "-" "Mozilla/5.0 (Windows; U; Windows NT 5.1; en-US) AppleWebKit/534.16 (KHTML, like Gecko) Chrome/10.0.648.204 Safari/534.16"
10.95.26.19 - - [27/Mar/2019:23:07:16 +0800] "POST /api/employees/?require=empl_entering HTTP/1.0" 200 48146 "-" "curl/7.29.0"
10.90.55.157 - - [27/Mar/2019:23:07:16 +0800] "GET /api/employees/?require=info&userId=ydysdin3513 HTTP/1.0" 200 97 "-" "Python-httplib2/0.9.1 (gzip)"
10.88.106.153 - - [27/Mar/2019:23:07:16 +0800] "GET /api/employees/?require=exist&phone=135FeyM0178 HTTP/1.0" 200 97 "-" "Mozilla/5.0 (Windows NT 6.1; WOW64) AppleWebKit/537.36 (KHTML, like Gecko) Chrome/44.0.2403.155 Safari/537.36"
10.90.55.158 - - [27/Mar/2019:23:07:16 +0800] "GET /api/employees/?require=info&userId=weiling.liao HTTP/1.0" 200 1076 "-" "Python-httplib2/0.9.1 (gzip)"
10.95.26.19 - - [27/Mar/2019:23:07:16 +0800] "POST /api/employees/?require=batch_emp_md HTTP/1.0" 200 113 "-" "curl/7.29.0"
10.95.26.19 - - [27/Mar/2019:23:07:16 +0800] "GET /api/employees/?require=ps_enum&key=jobcode_desc HTTP/1.0" 200 310449 "-" "curl/7.29.0"
10.88.106.153 - - [27/Mar/2019:23:07:16 +0800] "GET /api/employees/?require=exist&phone=184CJ=e8796 HTTP/1.0" 200 97 "-" "Mozilla/5.0 (Windows NT 6.1; WOW64) AppleWebKit/537.36 (KHTML, like Gecko) Chrome/44.0.2403.155 Safari/537.36"
10.95.26.19 - - [27/Mar/2019:23:07:17 +0800] "GET /api/employees/?require=tree HTTP/1.0" 200 2774470 "-" "curl/7.29.0"
10.88.180.144 - - [27/Mar/2019:23:07:17 +0800] "GET /api/employees/?require=info&userId=weiling.liao HTTP/1.0" 200 1076 "-" "Python-httplib2/0.9.1 (gzip)"
10.95.26.19 - - [27/Mar/2019:23:07:17 +0800] "GET /api/employees/?require=budget&setid=QUNAR HTTP/1.0" 200 23424 "-" "curl/7.29.0"
10.88.106.152 - - [27/Mar/2019:23:07:19 +0800] "GET /api/employees/?require=exist&phone=186Xj7q9275 HTTP/1.0" 200 97 "-" "Mozilla/5.0 (Windows NT 6.1; WOW64) AppleWebKit/537.36 (KHTML, like Gecko) Chrome/44.0.2403.155 Safari/537.36"
10.88.180.144 - - [27/Mar/2019:23:07:19 +0800] "GET /api/employees/?require=info&userId=daihaibin88 HTTP/1.0" 200 97 "-" "Python-httplib2/0.9.1 (gzip)"
10.90.55.158 - - [27/Mar/2019:23:07:19 +0800] "GET /api/employees/?require=info&userId=hongweis.li HTTP/1.0" 200 1083 "-" "Python-httplib2/0.9.1 (gzip)"
10.90.57.11 - - [27/Mar/2019:23:07:19 +0800] "GET /api/employees/?require=info&userId=hongweis.li HTTP/1.0" 200 1083 "-" "Python-httplib2/0.9.1 (gzip)"
10.90.55.157 - - [27/Mar/2019:23:07:19 +0800] "GET /api/employees/?require=info&userId=lixiaoyu.li HTTP/1.0" 200 1116 "-" "Python-httplib2/0.9.1 (gzip)"
10.90.57.11 - - [27/Mar/2019:23:07:19 +0800] "GET /api/employees/?require=info&userId=lixiaoyu.li HTTP/1.0" 200 1116 "-" "Python-httplib2/0.9.1 (gzip)"
10.90.55.158 - - [27/Mar/2019:23:07:19 +0800] "GET /api/employees/?require=info&userId=lixiaoyu.li HTTP/1.0" 200 1116 "-" "Python-httplib2/0.9.1 (gzip)"
10.88.180.144 - - [27/Mar/2019:23:07:19 +0800] "GET /api/employees/?require=info&userId=lixiaoyu.li HTTP/1.0" 200 1116 "-" "Python-httplib2/0.9.1 (gzip)"
10.90.55.158 - - [27/Mar/2019:23:07:19 +0800] "GET /api/employees/?require=info&userId=hongweis.li HTTP/1.0" 200 1083 "-" "Python-httplib2/0.9.1 (gzip)"
10.90.55.157 - - [27/Mar/2019:23:07:19 +0800] "GET /api/employees/?require=info&userId=lixiaoyu.li HTTP/1.0" 200 1116 "-" "Python-httplib2/0.9.1 (gzip)"
10.88.180.145 - - [27/Mar/2019:23:07:19 +0800] "GET /api/employees/?require=info&userId=lixiaoyu.li HTTP/1.0" 200 1116 "-" "Python-httplib2/0.9.1 (gzip)"
10.88.180.145 - - [27/Mar/2019:23:07:19 +0800] "GET /api/employees/?require=info&userId=lixiaoyu.li HTTP/1.0" 200 1116 "-" "Python-httplib2/0.9.1 (gzip)"
10.95.26.19 - - [27/Mar/2019:23:07:19 +0800] "GET /api/employees/?require=ctrip_all HTTP/1.0" 200 111731288 "-" "curl/7.29.0"
10.90.57.12 - - [27/Mar/2019:23:07:19 +0800] "GET /api/employees/?require=info&userId=lixiaoyu.li HTTP/1.0" 200 1116 "-" "Python-httplib2/0.9.1 (gzip)"
10.90.57.12 - - [27/Mar/2019:23:07:19 +0800] "GET /api/employees/?require=info&userId=lixiaoyu.li HTTP/1.0" 200 1116 "-" "Python-httplib2/0.9.1 (gzip)"
10.88.106.153 - - [27/Mar/2019:23:07:19 +0800] "GET /api/employees/?require=exist&phone=150K8tp7047 HTTP/1.0" 200 97 "-" "Mozilla/5.0 (Windows NT 6.1; WOW64) AppleWebKit/537.36 (KHTML, like Gecko) Chrome/44.0.2403.155 Safari/537.36"
10.90.55.158 - - [27/Mar/2019:23:07:19 +0800] "GET /api/employees/?require=info&userId=lixiaoyu.li HTTP/1.0" 200 1116 "-" "Python-httplib2/0.9.1 (gzip)"
10.88.180.145 - - [27/Mar/2019:23:07:20 +0800] "GET /api/employees/?require=info&userId=hongweis.li HTTP/1.0" 200 1083 "-" "Python-httplib2/0.9.1 (gzip)"
10.88.180.145 - - [27/Mar/2019:23:07:20 +0800] "GET /api/employees/?require=info&userId=lixiaoyu.li HTTP/1.0" 200 1116 "-" "Python-httplib2/0.9.1 (gzip)"
10.90.55.157 - - [27/Mar/2019:23:07:20 +0800] "GET /api/employees/?require=info&userId=hongweis.li HTTP/1.0" 200 1083 "-" "Python-httplib2/0.9.1 (gzip)"
10.90.57.11 - - [27/Mar/2019:23:07:20 +0800] "GET /api/employees/?require=info&userId=hongweis.li HTTP/1.0" 200 1083 "-" "Python-httplib2/0.9.1 (gzip)"
10.90.55.157 - - [27/Mar/2019:23:07:20 +0800] "GET /api/employees/?require=info&userId=lixiaoyu.li HTTP/1.0" 200 1116 "-" "Python-httplib2/0.9.1 (gzip)"
10.88.180.144 - - [27/Mar/2019:23:07:20 +0800] "GET /api/employees/?require=info&userId=hongweis.li HTTP/1.0" 200 1083 "-" "Python-httplib2/0.9.1 (gzip)"
10.90.55.158 - - [27/Mar/2019:23:07:20 +0800] "GET /api/employees/?require=info&userId=hongweis.li HTTP/1.0" 200 1083 "-" "Python-httplib2/0.9.1 (gzip)"
10.90.57.12 - - [27/Mar/2019:23:07:20 +0800] "GET /api/employees/?require=info&userId=hongweis.li HTTP/1.0" 200 1083 "-" "Python-httplib2/0.9.1 (gzip)"
10.90.55.158 - - [27/Mar/2019:23:07:20 +0800] "GET /api/employees/?require=info&userId=hongweis.li HTTP/1.0" 200 1083 "-" "Python-httplib2/0.9.1 (gzip)"
10.90.57.11 - - [27/Mar/2019:23:07:20 +0800] "GET /api/employees/?require=info&userId=hongweis.li HTTP/1.0" 200 1083 "-" "Python-httplib2/0.9.1 (gzip)"
10.88.180.144 - - [27/Mar/2019:23:07:20 +0800] "GET /api/employees/?require=info&userId=hongweis.li HTTP/1.0" 200 1083 "-" "Python-httplib2/0.9.1 (gzip)"
10.90.57.11 - - [27/Mar/2019:23:07:20 +0800] "GET /api/employees/?require=info&userId=hongweis.li HTTP/1.0" 200 1083 "-" "Python-httplib2/0.9.1 (gzip)"
10.90.55.158 - - [27/Mar/2019:23:07:20 +0800] "GET /api/employees/?require=info&userId=lixiaoyu.li HTTP/1.0" 200 1116 "-" "Python-httplib2/0.9.1 (gzip)"
10.88.180.144 - - [27/Mar/2019:23:07:21 +0800] "GET /api/employees/?require=info&userId=chenggang.xu HTTP/1.0" 200 1059 "-" "Python-httplib2/0.9.1 (gzip)"
10.88.106.152 - - [27/Mar/2019:23:07:21 +0800] "GET /api/employees/?require=exist&phone=1561QQF9419 HTTP/1.0" 200 97 "-" "Mozilla/5.0 (Windows NT 6.1; WOW64) AppleWebKit/537.36 (KHTML, like Gecko) Chrome/44.0.2403.155 Safari/537.36"
10.88.106.153 - - [27/Mar/2019:23:07:21 +0800] "GET /api/employees/?require=exist&phone=182kBlv6996 HTTP/1.0" 200 97 "-" "Mozilla/5.0 (Windows NT 6.1; WOW64) AppleWebKit/537.36 (KHTML, like Gecko) Chrome/44.0.2403.155 Safari/537.36"
10.90.57.11 - - [27/Mar/2019:23:07:22 +0800] "GET /api/employees/?require=info&userId=cemaagr1410 HTTP/1.0" 200 97 "-" "Python-httplib2/0.9.1 (gzip)"
10.88.180.144 - - [27/Mar/2019:23:07:23 +0800] "GET /api/employees/?require=info&userId=huaw.wang HTTP/1.0" 200 1057 "-" "Python-httplib2/0.9.1 (gzip)"
10.90.57.11 - - [27/Mar/2019:23:07:24 +0800] "GET /api/employees/?require=info&userId=huaw.wang HTTP/1.0" 200 1057 "-" "Python-httplib2/0.9.1 (gzip)"
10.88.100.64 - - [27/Mar/2019:23:07:24 +0800] "GET /api/employees/?require=info&rtx_id=cai.wen HTTP/1.0" 200 1055 "-" "-"
10.88.106.153 - - [27/Mar/2019:23:07:24 +0800] "GET /api/employees/?require=exist&phone=1593Gdn1832 HTTP/1.0" 200 97 "-" "Mozilla/5.0 (Windows NT 6.1; WOW64) AppleWebKit/537.36 (KHTML, like Gecko) Chrome/44.0.2403.155 Safari/537.36"
10.88.106.152 - - [27/Mar/2019:23:07:25 +0800] "GET /api/employees/?require=exist&phone=157roBB0085 HTTP/1.0" 200 97 "-" "Mozilla/5.0 (Windows NT 6.1; WOW64) AppleWebKit/537.36 (KHTML, like Gecko) Chrome/44.0.2403.155 Safari/537.36"
10.88.180.145 - - [27/Mar/2019:23:07:27 +0800] "GET /api/employees/?require=info&userId=chenggang.xu HTTP/1.0" 200 1059 "-" "Python-httplib2/0.9.1 (gzip)"
10.88.106.153 - - [27/Mar/2019:23:07:27 +0800] "GET /api/employees/?require=exist&phone=159OcqA1073 HTTP/1.0" 200 97 "-" "Mozilla/5.0 (Windows NT 6.1; WOW64) AppleWebKit/537.36 (KHTML, like Gecko) Chrome/44.0.2403.155 Safari/537.36"
10.88.106.152 - - [27/Mar/2019:23:07:27 +0800] "GET /api/employees/?require=exist&phone=159DqVT6979 HTTP/1.0" 200 97 "-" "Mozilla/5.0 (Windows NT 6.1; WOW64) AppleWebKit/537.36 (KHTML, like Gecko) Chrome/44.0.2403.155 Safari/537.36"
10.88.180.145 - - [27/Mar/2019:23:07:27 +0800] "GET /api/employees/?require=info&userId=liming.guo HTTP/1.0" 200 1059 "-" "Python-httplib2/0.9.1 (gzip)"
10.90.55.157 - - [27/Mar/2019:23:07:27 +0800] "GET /api/employees/?require=info&userId=cemaagr1410 HTTP/1.0" 200 97 "-" "Python-httplib2/0.9.1 (gzip)"
10.88.181.221 - - [27/Mar/2019:23:07:29 +0800] "GET /api/employees/?require=info_mask&rtx_id=hadoop HTTP/1.0" 200 97 "-" "pid dubbo service"
10.88.106.153 - - [27/Mar/2019:23:07:30 +0800] "GET /api/employees/?require=exist&phone=1889Ldr0999 HTTP/1.0" 200 97 "-" "Mozilla/5.0 (Windows NT 6.1; WOW64) AppleWebKit/537.36 (KHTML, like Gecko) Chrome/44.0.2403.155 Safari/537.36"
10.86.237.2 - - [27/Mar/2019:23:07:30 +0800] "POST /api/employees/?require=emp_md HTTP/1.0" 200 900 "-" "Mozilla/5.0 (Windows; U; Windows NT 5.1; en-US) AppleWebKit/534.16 (KHTML, like Gecko) Chrome/10.0.648.204 Safari/534.16"
10.88.106.152 - - [27/Mar/2019:23:07:31 +0800] "GET /api/employees/?require=exist&phone=1816PfK7000 HTTP/1.0" 200 97 "-" "Mozilla/5.0 (Windows NT 6.1; WOW64) AppleWebKit/537.36 (KHTML, like Gecko) Chrome/44.0.2403.155 Safari/537.36"
10.90.57.11 - - [27/Mar/2019:23:07:33 +0800] "GET /api/employees/?require=info&userId=yandong.zhang HTTP/1.0" 200 1075 "-" "Python-httplib2/0.9.1 (gzip)"
10.88.106.153 - - [27/Mar/2019:23:07:34 +0800] "GET /api/employees/?require=exist&phone=138IA3x8188 HTTP/1.0" 200 97 "-" "Mozilla/5.0 (Windows NT 6.1; WOW64) AppleWebKit/537.36 (KHTML, like Gecko) Chrome/44.0.2403.155 Safari/537.36"
10.88.106.153 - - [27/Mar/2019:23:07:34 +0800] "GET /api/employees/?require=exist&phone=139HpUo3236 HTTP/1.0" 200 97 "-" "Mozilla/5.0 (Windows NT 6.1; WOW64) AppleWebKit/537.36 (KHTML, like Gecko) Chrome/44.0.2403.155 Safari/537.36"
10.90.15.113 - - [27/Mar/2019:23:07:37 +0800] "GET /api/employees/?require=info_mask&userId=chan.wang HTTP/1.0" 200 1213 "-" "Mozilla/5.0 (Windows; U; Windows NT 5.1; en-US) AppleWebKit/534.16 (KHTML, like Gecko) Chrome/10.0.648.204 Safari/534.16"
10.90.55.157 - - [27/Mar/2019:23:07:38 +0800] "GET /api/employees/?require=info&userId=guoxin.wang HTTP/1.0" 200 1077 "-" "Python-httplib2/0.9.1 (gzip)"
10.90.55.157 - - [27/Mar/2019:23:07:39 +0800] "GET /api/employees/?require=info&userId=yuez.zhao HTTP/1.0" 200 1057 "-" "Python-httplib2/0.9.1 (gzip)"
10.90.55.158 - - [27/Mar/2019:23:07:39 +0800] "GET /api/employees/?require=info&userId=yuez.zhao HTTP/1.0" 200 1057 "-" "Python-httplib2/0.9.1 (gzip)"
10.88.106.153 - - [27/Mar/2019:23:07:39 +0800] "GET /api/employees/?require=exist&phone=158hiY35557 HTTP/1.0" 200 97 "-" "Mozilla/5.0 (Windows NT 6.1; WOW64) AppleWebKit/537.36 (KHTML, like Gecko) Chrome/44.0.2403.155 Safari/537.36"
10.88.100.64 - - [27/Mar/2019:23:07:40 +0800] "GET /api/employees/?require=info&rtx_id=cai.wen HTTP/1.0" 200 1055 "-" "-"
10.90.57.11 - - [27/Mar/2019:23:07:40 +0800] "GET /api/employees/?require=info&userId=biao.chen HTTP/1.0" 200 1037 "-" "Python-httplib2/0.9.1 (gzip)"
10.88.101.162 - - [27/Mar/2019:23:07:40 +0800] "GET /api/employees/?require=info&rtx_id=cai.wen HTTP/1.0" 200 1055 "-" "-"
10.88.180.145 - - [27/Mar/2019:23:07:41 +0800] "GET /api/employees/?require=info&userId=dong.lv HTTP/1.0" 200 1051 "-" "Python-httplib2/0.9.1 (gzip)"
10.88.106.152 - - [27/Mar/2019:23:07:41 +0800] "GET /api/employees/?require=exist&phone=155mL5p6341 HTTP/1.0" 200 97 "-" "Mozilla/5.0 (Windows NT 6.1; WOW64) AppleWebKit/537.36 (KHTML, like Gecko) Chrome/44.0.2403.155 Safari/537.36"
10.88.106.153 - - [27/Mar/2019:23:07:41 +0800] "GET /api/employees/?require=exist&phone=1386hbF4533 HTTP/1.0" 200 97 "-" "Mozilla/5.0 (Windows NT 6.1; WOW64) AppleWebKit/537.36 (KHTML, like Gecko) Chrome/44.0.2403.155 Safari/537.36"
10.88.106.152 - - [27/Mar/2019:23:07:41 +0800] "GET /api/employees/?require=exist&phone=152Ahs=1754 HTTP/1.0" 200 97 "-" "Mozilla/5.0 (Windows NT 6.1; WOW64) AppleWebKit/537.36 (KHTML, like Gecko) Chrome/44.0.2403.155 Safari/537.36"
10.90.57.11 - - [27/Mar/2019:23:07:41 +0800] "GET /api/employees/?require=info&userId=ngovsrb7287 HTTP/1.0" 200 97 "-" "Python-httplib2/0.9.1 (gzip)"
10.88.106.153 - - [27/Mar/2019:23:07:42 +0800] "GET /api/employees/?require=exist&phone=139NOa94563 HTTP/1.0" 200 97 "-" "Mozilla/5.0 (Windows NT 6.1; WOW64) AppleWebKit/537.36 (KHTML, like Gecko) Chrome/44.0.2403.155 Safari/537.36"
10.88.106.153 - - [27/Mar/2019:23:07:42 +0800] "GET /api/employees/?require=exist&phone=138jqTS0633 HTTP/1.0" 200 97 "-" "Mozilla/5.0 (Windows NT 6.1; WOW64) AppleWebKit/537.36 (KHTML, like Gecko) Chrome/44.0.2403.155 Safari/537.36"
10.88.106.153 - - [27/Mar/2019:23:07:43 +0800] "GET /api/employees/?require=exist&phone=135k1tD2307 HTTP/1.0" 200 97 "-" "Mozilla/5.0 (Windows NT 6.1; WOW64) AppleWebKit/537.36 (KHTML, like Gecko) Chrome/44.0.2403.155 Safari/537.36"
10.88.106.153 - - [27/Mar/2019:23:07:43 +0800] "GET /api/employees/?require=exist&phone=188e_Z48162 HTTP/1.0" 200 97 "-" "Mozilla/5.0 (Windows NT 6.1; WOW64) AppleWebKit/537.36 (KHTML, like Gecko) Chrome/44.0.2403.155 Safari/537.36"
10.88.180.144 - - [27/Mar/2019:23:07:44 +0800] "GET /api/employees/?require=info&userId=liming.guo HTTP/1.0" 200 1059 "-" "Python-httplib2/0.9.1 (gzip)"
10.88.106.152 - - [27/Mar/2019:23:07:44 +0800] "GET /api/employees/?require=exist&phone=188e_Z48162 HTTP/1.0" 200 97 "-" "Mozilla/5.0 (Windows NT 6.1; WOW64) AppleWebKit/537.36 (KHTML, like Gecko) Chrome/44.0.2403.155 Safari/537.36"
10.88.180.145 - - [27/Mar/2019:23:07:44 +0800] "GET /api/employees/?require=info&userId=yuejia.qian HTTP/1.0" 200 1074 "-" "Python-httplib2/0.9.1 (gzip)"
10.90.55.157 - - [27/Mar/2019:23:07:45 +0800] "GET /api/employees/?require=info&userId=huaw.wang HTTP/1.0" 200 1057 "-" "Python-httplib2/0.9.1 (gzip)"
10.88.180.145 - - [27/Mar/2019:23:07:45 +0800] "GET /api/employees/?require=info&userId=ghuralx8340 HTTP/1.0" 200 97 "-" "Python-httplib2/0.9.1 (gzip)"
10.90.57.12 - - [27/Mar/2019:23:07:46 +0800] "GET /api/employees/?require=info&userId=ydysdin3513 HTTP/1.0" 200 97 "-" "Python-httplib2/0.9.1 (gzip)"
10.88.106.152 - - [27/Mar/2019:23:07:46 +0800] "GET /api/employees/?require=exist&phone=185lajB6015 HTTP/1.0" 200 97 "-" "Mozilla/5.0 (Windows NT 6.1; WOW64) AppleWebKit/537.36 (KHTML, like Gecko) Chrome/44.0.2403.155 Safari/537.36"
10.90.57.12 - - [27/Mar/2019:23:07:46 +0800] "GET /api/employees/?require=info&userId=yangl.lin HTTP/1.0" 200 1096 "-" "Python-httplib2/0.9.1 (gzip)"
10.88.180.145 - - [27/Mar/2019:23:07:46 +0800] "GET /api/employees/?require=info&userId=yangl.lin HTTP/1.0" 200 1096 "-" "Python-httplib2/0.9.1 (gzip)"
10.88.180.144 - - [27/Mar/2019:23:07:46 +0800] "GET /api/employees/?require=info&userId=yangl.lin HTTP/1.0" 200 1096 "-" "Python-httplib2/0.9.1 (gzip)"
10.90.57.11 - - [27/Mar/2019:23:07:46 +0800] "GET /api/employees/?require=info&userId=yangl.lin HTTP/1.0" 200 1096 "-" "Python-httplib2/0.9.1 (gzip)"
10.90.55.158 - - [27/Mar/2019:23:07:47 +0800] "GET /api/employees/?require=info&userId=pingmei.yu HTTP/1.0" 200 1163 "-" "Python-httplib2/0.9.1 (gzip)"
10.88.106.153 - - [27/Mar/2019:23:07:47 +0800] "GET /api/employees/?require=exist&phone=188trUB7557 HTTP/1.0" 200 97 "-" "Mozilla/5.0 (Windows NT 6.1; WOW64) AppleWebKit/537.36 (KHTML, like Gecko) Chrome/44.0.2403.155 Safari/537.36"
10.88.106.152 - - [27/Mar/2019:23:07:49 +0800] "GET /api/employees/?require=exist&phone=1889Ldr0999 HTTP/1.0" 200 97 "-" "Mozilla/5.0 (Windows NT 6.1; WOW64) AppleWebKit/537.36 (KHTML, like Gecko) Chrome/44.0.2403.155 Safari/537.36"
10.88.180.144 - - [27/Mar/2019:23:07:49 +0800] "GET /api/employees/?require=info&userId=yangl.lin HTTP/1.0" 200 1096 "-" "Python-httplib2/0.9.1 (gzip)"
10.88.180.145 - - [27/Mar/2019:23:07:49 +0800] "GET /api/employees/?require=info&userId=yangl.lin HTTP/1.0" 200 1096 "-" "Python-httplib2/0.9.1 (gzip)"
10.88.180.144 - - [27/Mar/2019:23:07:49 +0800] "GET /api/employees/?require=info&userId=yangl.lin HTTP/1.0" 200 1096 "-" "Python-httplib2/0.9.1 (gzip)"
10.90.57.12 - - [27/Mar/2019:23:07:49 +0800] "GET /api/employees/?require=info&userId=yangl.lin HTTP/1.0" 200 1096 "-" "Python-httplib2/0.9.1 (gzip)"
10.90.55.158 - - [27/Mar/2019:23:07:49 +0800] "GET /api/employees/?require=info&userId=liming.guo HTTP/1.0" 200 1059 "-" "Python-httplib2/0.9.1 (gzip)"
10.88.106.152 - - [27/Mar/2019:23:07:51 +0800] "GET /api/employees/?require=exist&phone=185gtB07666 HTTP/1.0" 200 97 "-" "Mozilla/5.0 (Windows NT 6.1; WOW64) AppleWebKit/537.36 (KHTML, like Gecko) Chrome/44.0.2403.155 Safari/537.36"
10.88.106.153 - - [27/Mar/2019:23:07:51 +0800] "GET /api/employees/?require=exist&phone=135gvL62020 HTTP/1.0" 200 97 "-" "Mozilla/5.0 (Windows NT 6.1; WOW64) AppleWebKit/537.36 (KHTML, like Gecko) Chrome/44.0.2403.155 Safari/537.36"
10.88.106.153 - - [27/Mar/2019:23:07:52 +0800] "GET /api/employees/?require=exist&phone=1889Ldr0999 HTTP/1.0" 200 97 "-" "Mozilla/5.0 (Windows NT 6.1; WOW64) AppleWebKit/537.36 (KHTML, like Gecko) Chrome/44.0.2403.155 Safari/537.36"
10.88.106.153 - - [27/Mar/2019:23:07:52 +0800] "GET /api/employees/?require=exist&phone=158IkLz4195 HTTP/1.0" 200 97 "-" "Mozilla/5.0 (Windows NT 6.1; WOW64) AppleWebKit/537.36 (KHTML, like Gecko) Chrome/44.0.2403.155 Safari/537.36"
10.90.57.11 - - [27/Mar/2019:23:07:52 +0800] "GET /api/employees/?require=info&userId=daihaibin88 HTTP/1.0" 200 97 "-" "Python-httplib2/0.9.1 (gzip)"
10.88.180.144 - - [27/Mar/2019:23:07:53 +0800] "GET /api/employees/?require=info&userId=yangl.lin HTTP/1.0" 200 1096 "-" "Python-httplib2/0.9.1 (gzip)"
10.88.180.145 - - [27/Mar/2019:23:07:53 +0800] "GET /api/employees/?require=info&userId=yangl.lin HTTP/1.0" 200 1096 "-" "Python-httplib2/0.9.1 (gzip)"
10.88.180.145 - - [27/Mar/2019:23:07:53 +0800] "GET /api/employees/?require=info&userId=yangl.lin HTTP/1.0" 200 1096 "-" "Python-httplib2/0.9.1 (gzip)"
10.90.55.158 - - [27/Mar/2019:23:07:53 +0800] "GET /api/employees/?require=info&userId=yangl.lin HTTP/1.0" 200 1096 "-" "Python-httplib2/0.9.1 (gzip)"
10.90.57.11 - - [27/Mar/2019:23:07:53 +0800] "GET /api/employees/?require=info&userId=yangl.lin HTTP/1.0" 200 1096 "-" "Python-httplib2/0.9.1 (gzip)"
10.90.55.158 - - [27/Mar/2019:23:07:53 +0800] "GET /api/employees/?require=info&userId=yangl.lin HTTP/1.0" 200 1096 "-" "Python-httplib2/0.9.1 (gzip)"
10.88.106.152 - - [27/Mar/2019:23:07:53 +0800] "GET /api/employees/?require=exist&phone=132EeF31858 HTTP/1.0" 200 97 "-" "Mozilla/5.0 (Windows NT 6.1; WOW64) AppleWebKit/537.36 (KHTML, like Gecko) Chrome/44.0.2403.155 Safari/537.36"
10.90.57.11 - - [27/Mar/2019:23:07:53 +0800] "GET /api/employees/?require=info&userId=yangl.lin HTTP/1.0" 200 1096 "-" "Python-httplib2/0.9.1 (gzip)"
10.88.106.153 - - [27/Mar/2019:23:07:54 +0800] "GET /api/employees/?require=exist&phone=136QGgt2303 HTTP/1.0" 200 97 "-" "Mozilla/5.0 (Windows NT 6.1; WOW64) AppleWebKit/537.36 (KHTML, like Gecko) Chrome/44.0.2403.155 Safari/537.36"
10.88.106.153 - - [27/Mar/2019:23:07:54 +0800] "GET /api/employees/?require=exist&phone=180jaEK0382 HTTP/1.0" 200 97 "-" "Mozilla/5.0 (Windows NT 6.1; WOW64) AppleWebKit/537.36 (KHTML, like Gecko) Chrome/44.0.2403.155 Safari/537.36"
10.88.106.152 - - [27/Mar/2019:23:07:55 +0800] "GET /api/employees/?require=exist&phone=150ICiz0793 HTTP/1.0" 200 97 "-" "Mozilla/5.0 (Windows NT 6.1; WOW64) AppleWebKit/537.36 (KHTML, like Gecko) Chrome/44.0.2403.155 Safari/537.36"
10.88.106.153 - - [27/Mar/2019:23:07:55 +0800] "GET /api/employees/?require=exist&phone=1500uPl0697 HTTP/1.0" 200 97 "-" "Mozilla/5.0 (Windows NT 6.1; WOW64) AppleWebKit/537.36 (KHTML, like Gecko) Chrome/44.0.2403.155 Safari/537.36"
10.90.57.11 - - [27/Mar/2019:23:07:56 +0800] "GET /api/employees/?require=info&userId=xiaohang.yu HTTP/1.0" 200 1065 "-" "Python-httplib2/0.9.1 (gzip)"
10.88.106.152 - - [27/Mar/2019:23:07:57 +0800] "GET /api/employees/?require=exist&phone=1584YUv9696 HTTP/1.0" 200 97 "-" "Mozilla/5.0 (Windows NT 6.1; WOW64) AppleWebKit/537.36 (KHTML, like Gecko) Chrome/44.0.2403.155 Safari/537.36"
10.90.57.11 - - [27/Mar/2019:23:07:57 +0800] "GET /api/employees/?require=info&userId=cychunyan.liu HTTP/1.0" 200 1169 "-" "Python-httplib2/0.9.1 (gzip)"
10.88.180.145 - - [27/Mar/2019:23:07:57 +0800] "GET /api/employees/?require=info&userId=cychunyan.liu HTTP/1.0" 200 1169 "-" "Python-httplib2/0.9.1 (gzip)"
10.90.55.158 - - [27/Mar/2019:23:07:58 +0800] "GET /api/employees/?require=info&userId=cychunyan.liu HTTP/1.0" 200 1169 "-" "Python-httplib2/0.9.1 (gzip)"
10.88.180.144 - - [27/Mar/2019:23:07:58 +0800] "GET /api/employees/?require=info&userId=cychunyan.liu HTTP/1.0" 200 1169 "-" "Python-httplib2/0.9.1 (gzip)"
10.90.55.157 - - [27/Mar/2019:23:07:58 +0800] "GET /api/employees/?require=info&userId=cychunyan.liu HTTP/1.0" 200 1169 "-" "Python-httplib2/0.9.1 (gzip)"
10.88.180.144 - - [27/Mar/2019:23:07:58 +0800] "GET /api/employees/?require=info&userId=cychunyan.liu HTTP/1.0" 200 1169 "-" "Python-httplib2/0.9.1 (gzip)"
10.88.106.153 - - [27/Mar/2019:23:07:58 +0800] "GET /api/employees/?require=exist&phone=1341hDB8209 HTTP/1.0" 200 97 "-" "Mozilla/5.0 (Windows NT 6.1; WOW64) AppleWebKit/537.36 (KHTML, like Gecko) Chrome/44.0.2403.155 Safari/537.36"
10.88.106.152 - - [27/Mar/2019:23:07:59 +0800] "GET /api/employees/?require=exist&phone=1599FKV2368 HTTP/1.0" 200 97 "-" "Mozilla/5.0 (Windows NT 6.1; WOW64) AppleWebKit/537.36 (KHTML, like Gecko) Chrome/44.0.2403.155 Safari/537.36"
10.88.106.152 - - [27/Mar/2019:23:08:03 +0800] "GET /api/employees/?require=exist&phone=1391yWP8033 HTTP/1.0" 200 97 "-" "Mozilla/5.0 (Windows NT 6.1; WOW64) AppleWebKit/537.36 (KHTML, like Gecko) Chrome/44.0.2403.155 Safari/537.36"
10.88.106.153 - - [27/Mar/2019:23:08:03 +0800] "GET /api/employees/?require=exist&phone=186B2Zi2529 HTTP/1.0" 200 97 "-" "Mozilla/5.0 (Windows NT 6.1; WOW64) AppleWebKit/537.36 (KHTML, like Gecko) Chrome/44.0.2403.155 Safari/537.36"
10.88.106.152 - - [27/Mar/2019:23:08:03 +0800] "GET /api/employees/?require=exist&phone=1823npW6684 HTTP/1.0" 200 97 "-" "Mozilla/5.0 (Windows NT 6.1; WOW64) AppleWebKit/537.36 (KHTML, like Gecko) Chrome/44.0.2403.155 Safari/537.36"
10.88.106.153 - - [27/Mar/2019:23:08:03 +0800] "GET /api/employees/?require=exist&phone=182g=2y7677 HTTP/1.0" 200 97 "-" "Mozilla/5.0 (Windows NT 6.1; WOW64) AppleWebKit/537.36 (KHTML, like Gecko) Chrome/44.0.2403.155 Safari/537.36"
10.88.106.152 - - [27/Mar/2019:23:08:05 +0800] "GET /api/employees/?require=exist&phone=138lfr90954 HTTP/1.0" 200 97 "-" "Mozilla/5.0 (Windows NT 6.1; WOW64) AppleWebKit/537.36 (KHTML, like Gecko) Chrome/44.0.2403.155 Safari/537.36"
10.88.106.152 - - [27/Mar/2019:23:08:05 +0800] "GET /api/employees/?require=exist&phone=180jaEK0382 HTTP/1.0" 200 97 "-" "Mozilla/5.0 (Windows NT 6.1; WOW64) AppleWebKit/537.36 (KHTML, like Gecko) Chrome/44.0.2403.155 Safari/537.36"
10.88.106.153 - - [27/Mar/2019:23:08:06 +0800] "GET /api/employees/?require=exist&phone=156Gapw9916 HTTP/1.0" 200 97 "-" "Mozilla/5.0 (Windows NT 6.1; WOW64) AppleWebKit/537.36 (KHTML, like Gecko) Chrome/44.0.2403.155 Safari/537.36"
10.95.26.19 - - [27/Mar/2019:23:08:06 +0800] "GET /api/employees/?require=dept_dzs_all&dept=&hr_status=&start_time=2017-08-08+14:40:00&end_time=2017-08-08+14:45:00 HTTP/1.0" 200 113 "-" "curl/7.29.0"
10.95.26.19 - - [27/Mar/2019:23:08:06 +0800] "GET /api/employees/?require=qtbase_info&rtx_id=mika.liu HTTP/1.0" 200 758 "-" "curl/7.29.0"
192.168.49.167 - - [27/Mar/2019:23:08:07 +0800] "GET /api/employees/?require=info&rtx_id=xue.wu HTTP/1.0" 200 1015 "-" "Mozilla/5.0 (Windows; U; Windows NT 5.1; en-US) AppleWebKit/534.16 (KHTML, like Gecko) Chrome/10.0.648.204 Safari/534.16"
10.88.106.153 - - [27/Mar/2019:23:08:07 +0800] "GET /api/employees/?require=exist&phone=136xU9D3656 HTTP/1.0" 200 97 "-" "Mozilla/5.0 (Windows NT 6.1; WOW64) AppleWebKit/537.36 (KHTML, like Gecko) Chrome/44.0.2403.155 Safari/537.36"
192.168.36.39 - - [27/Mar/2019:23:08:08 +0800] "GET /api/employees/?require=info_mask&userId=jxjiaxin.liu HTTP/1.0" 200 1247 "-" "Mozilla/5.0 (Windows; U; Windows NT 5.1; en-US) AppleWebKit/534.16 (KHTML, like Gecko) Chrome/10.0.648.204 Safari/534.16"
10.90.57.12 - - [27/Mar/2019:23:08:09 +0800] "GET /api/employees/?require=info&userId=yuankun.xie HTTP/1.0" 200 1117 "-" "Python-httplib2/0.9.1 (gzip)"
10.95.26.19 - - [27/Mar/2019:23:08:10 +0800] "GET /api/employees/?require=transaction_ter HTTP/1.0" 200 22259225 "-" "curl/7.29.0"
10.88.106.152 - - [27/Mar/2019:23:08:10 +0800] "GET /api/employees/?require=exist&phone=135vc6I5997 HTTP/1.0" 200 97 "-" "Mozilla/5.0 (Windows NT 6.1; WOW64) AppleWebKit/537.36 (KHTML, like Gecko) Chrome/44.0.2403.155 Safari/537.36"
10.88.180.145 - - [27/Mar/2019:23:08:10 +0800] "GET /api/employees/?require=info&userId=asalibaby.li HTTP/1.0" 200 1111 "-" "Python-httplib2/0.9.1 (gzip)"
10.95.26.19 - - [27/Mar/2019:23:08:10 +0800] "GET /api/employees/?require=exist&rtx_id=mika.liu HTTP/1.0" 200 260 "-" "curl/7.29.0"
10.95.26.19 - - [27/Mar/2019:23:08:10 +0800] "GET /api/employees/?require=handover&rtx_id=mika.liu HTTP/1.0" 200 515 "-" "curl/7.29.0"
10.90.55.157 - - [27/Mar/2019:23:08:11 +0800] "GET /api/employees/?require=info&userId=cemaagr1410 HTTP/1.0" 200 97 "-" "Python-httplib2/0.9.1 (gzip)"
10.88.106.152 - - [27/Mar/2019:23:08:11 +0800] "GET /api/employees/?require=exist&phone=139Jizd3888 HTTP/1.0" 200 97 "-" "Mozilla/5.0 (Windows NT 6.1; WOW64) AppleWebKit/537.36 (KHTML, like Gecko) Chrome/44.0.2403.155 Safari/537.36"
10.88.106.153 - - [27/Mar/2019:23:08:12 +0800] "GET /api/employees/?require=exist&phone=13852Xq2248 HTTP/1.0" 200 97 "-" "Mozilla/5.0 (Windows NT 6.1; WOW64) AppleWebKit/537.36 (KHTML, like Gecko) Chrome/44.0.2403.155 Safari/537.36"
10.88.106.152 - - [27/Mar/2019:23:08:13 +0800] "GET /api/employees/?require=exist&phone=199nIb18844 HTTP/1.0" 200 97 "-" "Mozilla/5.0 (Windows NT 6.1; WOW64) AppleWebKit/537.36 (KHTML, like Gecko) Chrome/44.0.2403.155 Safari/537.36"
10.88.106.153 - - [27/Mar/2019:23:08:14 +0800] "GET /api/employees/?require=exist&phone=158TuVj2265 HTTP/1.0" 200 97 "-" "Mozilla/5.0 (Windows NT 6.1; WOW64) AppleWebKit/537.36 (KHTML, like Gecko) Chrome/44.0.2403.155 Safari/537.36"
10.88.181.220 - - [27/Mar/2019:23:08:14 +0800] "GET /api/employees/?require=info_mask&rtx_id=hping.he HTTP/1.0" 200 1161 "-" "pid dubbo service"
10.88.106.152 - - [27/Mar/2019:23:08:14 +0800] "GET /api/employees/?require=exist&phone=136bfEn8372 HTTP/1.0" 200 97 "-" "Mozilla/5.0 (Windows NT 6.1; WOW64) AppleWebKit/537.36 (KHTML, like Gecko) Chrome/44.0.2403.155 Safari/537.36"
10.88.106.153 - - [27/Mar/2019:23:08:14 +0800] "GET /api/employees/?require=exist&phone=1808EDY8699 HTTP/1.0" 200 97 "-" "Mozilla/5.0 (Windows NT 6.1; WOW64) AppleWebKit/537.36 (KHTML, like Gecko) Chrome/44.0.2403.155 Safari/537.36"
10.88.106.152 - - [27/Mar/2019:23:08:15 +0800] "GET /api/employees/?require=exist&phone=150xqtC0537 HTTP/1.0" 200 97 "-" "Mozilla/5.0 (Windows NT 6.1; WOW64) AppleWebKit/537.36 (KHTML, like Gecko) Chrome/44.0.2403.155 Safari/537.36"
10.88.180.145 - - [27/Mar/2019:23:08:16 +0800] "GET /api/employees/?require=info&userId=jiajian.wu HTTP/1.0" 200 1086 "-" "Python-httplib2/0.9.1 (gzip)"
10.95.26.19 - - [27/Mar/2019:23:08:18 +0800] "GET /api/employees/?require=drt_vp HTTP/1.0" 200 48872628 "-" "curl/7.29.0"
10.95.26.19 - - [27/Mar/2019:23:08:18 +0800] "POST /api/employees/?require=offer_md HTTP/1.0" 200 2099 "-" "curl/7.29.0"
